2026-01-11 13:10:32 - 成功加载cookies.txt文件
2026-01-11 13:10:32 - UP主基本信息获取成功！
2026-01-11 13:10:32 - UP主统计信息获取成功！
2026-01-11 13:10:32 - 已更新UP主信息！
2026-01-11 13:10:38 - 开始自动获取账号信息...
2026-01-11 13:10:39 - 获取账号信息出错: 请检查是否扫码成功。
2026-01-11 13:10:42 - 成功加载cookies.txt文件
2026-01-11 13:11:10 - 正在开始直播...
2026-01-11 13:11:11 - 时间戳获取成功！
2026-01-11 13:11:11 - 直播姬版本信息获取成功！
2026-01-11 13:11:11 - 时间戳获取成功！
2026-01-11 13:11:11 - 更新直播标题请求成功！
2026-01-11 13:11:11 - 直播标题设置成功！
2026-01-11 13:11:11 - 正在获取直播推流码...
2026-01-11 13:11:11 - 开始直播请求成功！
2026-01-11 13:11:11 - 获取推流码失败: 需要进行人脸认证！
2026-01-11 13:12:23 - 正在开始直播...
2026-01-11 13:12:23 - 时间戳获取成功！
2026-01-11 13:12:23 - 直播姬版本信息获取成功！
2026-01-11 13:12:23 - 时间戳获取成功！
2026-01-11 13:12:24 - 更新直播标题请求成功！
2026-01-11 13:12:24 - 直播标题设置成功！
2026-01-11 13:12:24 - 正在获取直播推流码...
2026-01-11 13:12:24 - 开始直播请求成功！
2026-01-11 13:12:24 - 获取推流码成功！
2026-01-11 13:12:24 - 直播已开启！请使用推流码进行直播！
2026-01-11 13:12:39 - 正在停止直播...
2026-01-11 13:12:39 - 停止直播请求成功！
2026-01-11 13:12:39 - 直播已停止！
2026-01-11 13:30:39 - 正在开始直播...
2026-01-11 13:30:39 - 时间戳获取成功！
2026-01-11 13:30:40 - 直播姬版本信息获取成功！
2026-01-11 13:30:40 - 时间戳获取成功！
2026-01-11 13:30:40 - 更新直播标题请求成功！
2026-01-11 13:30:40 - 直播标题设置成功！
2026-01-11 13:30:40 - 正在获取直播推流码...
2026-01-11 13:30:40 - 开始直播请求成功！
2026-01-11 13:30:40 - 获取推流码失败: 需要进行人脸认证！
2026-01-11 13:31:15 - 正在开始直播...
2026-01-11 13:31:15 - 时间戳获取成功！
2026-01-11 13:31:15 - 直播姬版本信息获取成功！
2026-01-11 13:31:15 - 时间戳获取成功！
2026-01-11 13:31:15 - 更新直播标题请求成功！
2026-01-11 13:31:15 - 直播标题设置成功！
2026-01-11 13:31:15 - 正在获取直播推流码...
2026-01-11 13:31:15 - 开始直播请求成功！
2026-01-11 13:31:15 - 获取推流码成功！
2026-01-11 13:31:15 - 直播已开启！请使用推流码进行直播！
2026-01-11 13:31:37 - 已打开直播间: https://live.bilibili.com/1937833559
2026-01-11 16:18:02 - 正在停止直播...
2026-01-11 16:18:35 - 成功加载cookies.txt文件
2026-01-11 16:18:35 - UP主基本信息获取成功！
2026-01-11 16:18:35 - UP主统计信息获取成功！
2026-01-11 16:18:35 - 已更新UP主信息！
2026-01-11 16:18:44 - 正在开始直播...
2026-01-11 16:18:44 - 时间戳获取成功！
2026-01-11 16:18:44 - 直播姬版本信息获取成功！
2026-01-11 16:18:44 - 时间戳获取成功！
2026-01-11 16:18:45 - 更新直播标题请求成功！
2026-01-11 16:18:45 - 直播标题设置成功！
2026-01-11 16:18:45 - 正在获取直播推流码...
2026-01-11 16:18:45 - 开始直播请求成功！
2026-01-11 16:18:45 - 获取推流码成功！
2026-01-11 16:18:45 - 直播已开启！请使用推流码进行直播！
2026-01-11 16:18:45 - 开始直播时出错: 
2026-01-11 16:18:50 - 正在停止直播...
2026-01-11 16:18:51 - 停止直播请求成功！
2026-01-11 16:18:51 - 直播已停止！
